C51 COMPILER V9.02   DS1302                                                                03/18/2016 09:44:30 PAGE 1   


C51 COMPILER V9.02, COMPILATION OF MODULE DS1302
OBJECT MODULE PLACED IN .\ds1302.obj
COMPILER INVOKED BY: D:\msprograms\keil4\C51\BIN\C51.EXE ..\board\src\ds1302.c OPTIMIZE(2,SPEED) BROWSE INCDIR(../head;.
                    -./board/head) DEBUG OBJECTEXTEND PRINT(.\ds1302.lst) OBJECT(.\ds1302.obj)

line level    source

   1          #include "ds1302.h"
   2          
   3          unsigned char code ds1302_timer_init[] = {0x00,0x30,0x12, 0x08, 0x10, 0x02, 0x13};
   4          
   5          static void ds1302_delay(unsigned char period)
   6          {
   7   1              xdata unsigned char i = 0;
   8   1      
   9   1              for(i = 0; i < period; i++)
  10   1              {
  11   2                      _nop_(); _nop_(); _nop_(); _nop_(); _nop_(); _nop_();
  12   2                      _nop_(); _nop_(); _nop_(); _nop_(); _nop_(); _nop_();
  13   2                      _nop_(); _nop_(); _nop_(); _nop_(); _nop_(); _nop_();
  14   2              }
  15   1      }
  16          
  17          
  18          static unsigned char read_byte(unsigned char addr)
  19          {
  20   1              xdata unsigned char i = 0;
  21   1              RESET = 1;
  22   1       
  23   1              for(i = 0; i < 8; i ++)
  24   1              {
  25   2                      IO = addr & 0x01;
  26   2                      _nop_(); _nop_();
  27   2                      SCLK = 1;
  28   2                      SCLK = 0;
  29   2                      addr = addr >> 1;               
  30   2              }
  31   1      
  32   1              for(i = 0; i < 8; i ++)
  33   1              {
  34   2                      addr = addr >> 1;
  35   2                      if(IO == 1)
  36   2                              addr = addr | 0x80;
  37   2                      SCLK = 1;       
  38   2                      SCLK = 0;                               
  39   2              }
  40   1              RESET = 0; 
  41   1      
  42   1              return addr;
  43   1      }
  44          
  45          static void write_byte(unsigned char addr, unsigned char dat)
  46          {
  47   1              xdata unsigned char i = 0;
  48   1              RESET = 1;
  49   1       
  50   1              for(i = 0; i < 8; i ++)
  51   1              {
  52   2                      IO = addr & 0x01;
  53   2                      SCLK = 1;
  54   2                      SCLK = 0;
C51 COMPILER V9.02   DS1302                                                                03/18/2016 09:44:30 PAGE 2   

  55   2                      addr = addr >> 1;
  56   2              }
  57   1      
  58   1              for(i = 0; i < 8; i ++)
  59   1              {
  60   2                      IO = dat & 0x01;
  61   2                      SCLK = 1;
  62   2                      SCLK = 0;
  63   2                      dat = dat >> 1;
  64   2              }
  65   1              RESET = 0;
  66   1      }
  67          
  68          void ds1302_init(void)
  69          {
  70   1              xdata unsigned char i;
  71   1              
  72   1              RESET = 0;
  73   1              SCLK  = 0;
  74   1              
  75   1              write_byte(0x8E, 0x00);
  76   1              for(i = 0; i < 7; i ++)
  77   1              {
  78   2                      write_byte(0x80 + i * 2, ds1302_timer_init[i]);
  79   2              }
  80   1      }
  81          
  82          void get_time(unsigned char *time)
  83          {       
  84   1              xdata unsigned char i;
  85   1      
  86   1              for(i = 0; i < 7; i ++)
  87   1              {
  88   2                      write_byte(0x8E, 0x00);
  89   2                      time[i] = read_byte(0x81 + i * 2);
  90   2              }
  91   1      }


MODULE INFORMATION:   STATIC OVERLAYABLE
   CODE SIZE        =    374    ----
   CONSTANT SIZE    =      7    ----
   XDATA SIZE       =   ----       5
   PDATA SIZE       =   ----    ----
   DATA SIZE        =   ----       7
   IDATA SIZE       =   ----    ----
   BIT SIZE         =   ----    ----
END OF MODULE INFORMATION.


C51 COMPILATION COMPLETE.  0 WARNING(S),  0 ERROR(S)
