C51 COMPILER V9.02   MAIN                                                                  01/31/2016 12:31:26 PAGE 1   


C51 COMPILER V9.02, COMPILATION OF MODULE MAIN
OBJECT MODULE PLACED IN .\main.obj
COMPILER INVOKED BY: D:\Program Files\keil4\C51\BIN\C51.EXE ..\main\main.c BROWSE INCDIR(..\head) DEBUG OBJECTEXTEND PRI
                    -NT(.\main.lst) OBJECT(.\main.obj)

line level    source

   1          #include "common.h"
   2          #include "uart.h"
   3          
   4          void main()
   5          {
   6   1              uart_bart(38400);
   7   1      
   8   1              while(1)
   9   1              {
  10   2                      uart_send_str("First step of 51 operation!\n");
  11   2                      delay_ms(500);
  12   2              }
  13   1      }


MODULE INFORMATION:   STATIC OVERLAYABLE
   CODE SIZE        =     25    ----
   CONSTANT SIZE    =     29    ----
   XDATA SIZE       =   ----    ----
   PDATA SIZE       =   ----    ----
   DATA SIZE        =   ----    ----
   IDATA SIZE       =   ----    ----
   BIT SIZE         =   ----    ----
END OF MODULE INFORMATION.


C51 COMPILATION COMPLETE.  0 WARNING(S),  0 ERROR(S)
