C51 COMPILER V9.02   MAIN                                                                  03/10/2016 13:23:16 PAGE 1   


C51 COMPILER V9.02, COMPILATION OF MODULE MAIN
OBJECT MODULE PLACED IN .\main.obj
COMPILER INVOKED BY: D:\msprograms\keil4\C51\BIN\C51.EXE ..\main\main.c OPTIMIZE(2,SPEED) BROWSE INCDIR(../head) DEBUG O
                    -BJECTEXTEND PRINT(.\main.lst) OBJECT(.\main.obj)

line level    source

   1          #include "task.h"
   2          
   3          unsigned long xdata timer_dis = 0;
   4          
   5          void main(void)
   6          {
   7   1              uart_bartvar(24, 115200);
   8   1      //      timer0_init(1000);
   9   1              timer1_init(10000);
  10   1              EA = 0;
  11   1              ENLED = 0;
  12   1              P2 = 0x06;
  13   1              
  14   1              OS_init();
  15   1      
  16   1              task_create(3, (unsigned int)(&task0), 0);      
  17   1              task_create(2, (unsigned int)(&task1), 0);      
  18   1              task_create(1, (unsigned int)(&task_msghandler), 0);
  19   1              task_create(0, (unsigned int)(&task_tty0), 0);  
  20   1      
  21   1              OS_start();
  22   1              
  23   1              while(1);
  24   1      }
  25          
  26          void uart() interrupt 4
  27          {
  28   1              
  29   1      }


MODULE INFORMATION:   STATIC OVERLAYABLE
   CODE SIZE        =    119    ----
   CONSTANT SIZE    =   ----    ----
   XDATA SIZE       =      4    ----
   PDATA SIZE       =   ----    ----
   DATA SIZE        =   ----    ----
   IDATA SIZE       =   ----    ----
   BIT SIZE         =   ----    ----
END OF MODULE INFORMATION.


C51 COMPILATION COMPLETE.  0 WARNING(S),  0 ERROR(S)
